[html.modernwebtemplates.com/clearview/index.html]
[backblue.gif]
[fade.gif]
[index.html]
[html.modernwebtemplates.com/clearview/css/bootstrap.min.css]
[html.modernwebtemplates.com/clearview/css/animations.css]
[html.modernwebtemplates.com/clearview/css/fonts.css]
[html.modernwebtemplates.com/clearview/css/shop.css]
[html.modernwebtemplates.com/clearview/css/main.css]
[html.modernwebtemplates.com/clearview/js/vendor/modernizr-2.6.2.min.js]
[html.modernwebtemplates.com/clearview/images/logo.png]
[html.modernwebtemplates.com/clearview/index-2.html]
[html.modernwebtemplates.com/clearview/index-static.html]
[html.modernwebtemplates.com/clearview/index-single.html]
[html.modernwebtemplates.com/clearview/about.html]
[html.modernwebtemplates.com/clearview/shortcodes_teasers.html]
[html.modernwebtemplates.com/clearview/shortcodes_typography.html]
[html.modernwebtemplates.com/clearview/shortcodes_buttons.html]
[html.modernwebtemplates.com/clearview/shortcodes_progress.html]
[html.modernwebtemplates.com/clearview/shortcodes_tabs.html]
[html.modernwebtemplates.com/clearview/shortcodes_bootstrap.html]
[html.modernwebtemplates.com/clearview/shortcodes_widgets.html]
[html.modernwebtemplates.com/clearview/shortcodes_animation.html]
[html.modernwebtemplates.com/clearview/shortcodes_icons.html]
[html.modernwebtemplates.com/clearview/shortcodes_socialicons.html]
[html.modernwebtemplates.com/clearview/team.html]
[html.modernwebtemplates.com/clearview/team-single.html]
[html.modernwebtemplates.com/clearview/testimonials.html]
[html.modernwebtemplates.com/clearview/timetable.html]
[html.modernwebtemplates.com/clearview/events-left.html]
[html.modernwebtemplates.com/clearview/events-right.html]
[html.modernwebtemplates.com/clearview/events-full.html]
[html.modernwebtemplates.com/clearview/event-single-left.html]
[html.modernwebtemplates.com/clearview/event-single-right.html]
[html.modernwebtemplates.com/clearview/event-single-full.html]
[html.modernwebtemplates.com/clearview/comingsoon1.html]
[html.modernwebtemplates.com/clearview/comingsoon2.html]
[html.modernwebtemplates.com/clearview/faq.html]
[html.modernwebtemplates.com/clearview/faq2.html]
[html.modernwebtemplates.com/clearview/404.html]
[html.modernwebtemplates.com/clearview/4042.html]
[html.modernwebtemplates.com/clearview/services.html]
[html.modernwebtemplates.com/clearview/service-single.html]
[html.modernwebtemplates.com/clearview/header1.html]
[html.modernwebtemplates.com/clearview/header2.html]
[html.modernwebtemplates.com/clearview/header3.html]
[html.modernwebtemplates.com/clearview/header4.html]
[html.modernwebtemplates.com/clearview/header5.html]
[html.modernwebtemplates.com/clearview/header6.html]
[html.modernwebtemplates.com/clearview/header_side1.html]
[html.modernwebtemplates.com/clearview/header_side2.html]
[html.modernwebtemplates.com/clearview/header_side3.html]
[html.modernwebtemplates.com/clearview/header_side4.html]
[html.modernwebtemplates.com/clearview/header_side5.html]
[html.modernwebtemplates.com/clearview/header_side6.html]
[html.modernwebtemplates.com/clearview/header_side7.html]
[html.modernwebtemplates.com/clearview/header_side8.html]
[html.modernwebtemplates.com/clearview/header_side_superfish.html]
[html.modernwebtemplates.com/clearview/header_side_sticked.html]
[html.modernwebtemplates.com/clearview/breadcrumbs1.html]
[html.modernwebtemplates.com/clearview/breadcrumbs2.html]
[html.modernwebtemplates.com/clearview/breadcrumbs3.html]
[html.modernwebtemplates.com/clearview/breadcrumbs4.html]
[html.modernwebtemplates.com/clearview/breadcrumbs5.html]
[html.modernwebtemplates.com/clearview/breadcrumbs6.html]
[html.modernwebtemplates.com/clearview/footer1.html]
[html.modernwebtemplates.com/clearview/footer2.html]
[html.modernwebtemplates.com/clearview/footer3.html]
[html.modernwebtemplates.com/clearview/footer4.html]
[html.modernwebtemplates.com/clearview/footer5.html]
[html.modernwebtemplates.com/clearview/footer6.html]
[html.modernwebtemplates.com/clearview/copyright1.html]
[html.modernwebtemplates.com/clearview/copyright2.html]
[html.modernwebtemplates.com/clearview/copyright3.html]
[html.modernwebtemplates.com/clearview/copyright4.html]
[html.modernwebtemplates.com/clearview/copyright5.html]
[html.modernwebtemplates.com/clearview/gallery-regular.html]
[html.modernwebtemplates.com/clearview/gallery-regular-2-cols.html]
[html.modernwebtemplates.com/clearview/gallery-regular-3-cols.html]
[html.modernwebtemplates.com/clearview/gallery-fullwidth.html]
[html.modernwebtemplates.com/clearview/gallery-fullwidth-3-cols.html]
[html.modernwebtemplates.com/clearview/gallery-fullwidth-4-cols.html]
[html.modernwebtemplates.com/clearview/gallery-extended.html]
[html.modernwebtemplates.com/clearview/gallery-extended-2-cols.html]
[html.modernwebtemplates.com/clearview/gallery-extended-3-cols.html]
[html.modernwebtemplates.com/clearview/gallery-carousel.html]
[html.modernwebtemplates.com/clearview/gallery-carousel-2-cols.html]
[html.modernwebtemplates.com/clearview/gallery-carousel-3-cols.html]
[html.modernwebtemplates.com/clearview/gallery-tile.html]
[html.modernwebtemplates.com/clearview/gallery-left.html]
[html.modernwebtemplates.com/clearview/gallery-left-2-cols.html]
[html.modernwebtemplates.com/clearview/gallery-right.html]
[html.modernwebtemplates.com/clearview/gallery-right-2-cols.html]
[html.modernwebtemplates.com/clearview/gallery-single.html]
[html.modernwebtemplates.com/clearview/gallery-single2.html]
[html.modernwebtemplates.com/clearview/gallery-single3.html]
[html.modernwebtemplates.com/clearview/blog-right.html]
[html.modernwebtemplates.com/clearview/blog-left.html]
[html.modernwebtemplates.com/clearview/blog-full.html]
[html.modernwebtemplates.com/clearview/blog-mosaic.html]
[html.modernwebtemplates.com/clearview/blog-single-right.html]
[html.modernwebtemplates.com/clearview/blog-single-left.html]
[html.modernwebtemplates.com/clearview/blog-single-full.html]
[html.modernwebtemplates.com/clearview/blog-single-video-right.html]
[html.modernwebtemplates.com/clearview/blog-single-video-left.html]
[html.modernwebtemplates.com/clearview/blog-single-video-full.html]
[html.modernwebtemplates.com/clearview/contact2.html]
[html.modernwebtemplates.com/clearview/contact3.html]
[html.modernwebtemplates.com/clearview/contact4.html]
[html.modernwebtemplates.com/clearview/images/slide01.jpg]
[html.modernwebtemplates.com/clearview/images/bbb.png]
[html.modernwebtemplates.com/clearview/images/slide02.jpg]
[html.modernwebtemplates.com/clearview/images/slide03.jpg]
[html.modernwebtemplates.com/clearview/images/gallery/13.jpg]
[html.modernwebtemplates.com/clearview/images/service-icon/hood.png]
[html.modernwebtemplates.com/clearview/images/service-icon/rear-window.png]
[html.modernwebtemplates.com/clearview/images/service-icon/door.png]
[html.modernwebtemplates.com/clearview/images/service-icon/car.png]
[html.modernwebtemplates.com/clearview/images/team/01.jpg]
[html.modernwebtemplates.com/clearview/images/team/02.jpg]
[html.modernwebtemplates.com/clearview/images/team/03.jpg]
[html.modernwebtemplates.com/clearview/images/team/04.jpg]
[html.modernwebtemplates.com/clearview/images/team/05.jpg]
[html.modernwebtemplates.com/clearview/images/team/06.jpg]
[html.modernwebtemplates.com/clearview/images/team/07.jpg]
[html.modernwebtemplates.com/clearview/images/team/08.jpg]
[html.modernwebtemplates.com/clearview/images/faces/01.jpg]
[html.modernwebtemplates.com/clearview/images/faces/02.jpg]
[html.modernwebtemplates.com/clearview/images/faces/03.jpg]
[html.modernwebtemplates.com/clearview/images/faces/04.jpg]
[html.modernwebtemplates.com/clearview/images/gallery/08.jpg]
[html.modernwebtemplates.com/clearview/images/gallery/14.jpg]
[html.modernwebtemplates.com/clearview/images/gallery/12.jpg]
[html.modernwebtemplates.com/clearview/images/gallery/05.jpg]
[html.modernwebtemplates.com/clearview/images/gallery/06.jpg]
[html.modernwebtemplates.com/clearview/images/partners/01.png]
[html.modernwebtemplates.com/clearview/images/partners/02.png]
[html.modernwebtemplates.com/clearview/images/partners/03.png]
[html.modernwebtemplates.com/clearview/images/partners/04.png]
[html.modernwebtemplates.com/clearview/images/partners/05.png]
[html.modernwebtemplates.com/clearview/images/partners/06.png]
[html.modernwebtemplates.com/clearview/images/partners/07.png]
[html.modernwebtemplates.com/clearview/images/partners/08.png]
[html.modernwebtemplates.com/clearview/images/partners/09.png]
[html.modernwebtemplates.com/clearview/images/logo-bottom.png]
[html.modernwebtemplates.com/clearview/images/signature.png]
[html.modernwebtemplates.com/cdn-cgi/scripts/5c5dd728/cloudflare-static/email-decode.min.js]
[html.modernwebtemplates.com/clearview/js/compressed.js]
[html.modernwebtemplates.com/clearview/js/main.js]
[html.modernwebtemplates.com/clearview/js/switcher.js]
[html.modernwebtemplates.com/clearview/index.html]
[html.modernwebtemplates.com/clearview/fonts/glyphicons-halflings-regular.eot]
[html.modernwebtemplates.com/clearview/fonts/glyphicons-halflings-regulard41d.eot]
[html.modernwebtemplates.com/clearview/fonts/glyphicons-halflings-regular.woff2]
[html.modernwebtemplates.com/clearview/fonts/glyphicons-halflings-regular.woff]
[html.modernwebtemplates.com/clearview/fonts/glyphicons-halflings-regular.ttf]
[html.modernwebtemplates.com/clearview/css/bootstrap.min.css]
[html.modernwebtemplates.com/clearview/css/animations.css]
[html.modernwebtemplates.com/clearview/fonts/glyphicons-halflings-regular.svg]
[html.modernwebtemplates.com/clearview/fonts/rt-icons-23dab.eot]
[html.modernwebtemplates.com/clearview/fonts/rt-icons-2d41d.eot]
[html.modernwebtemplates.com/clearview/fonts/rt-icons-23dab.ttf]
[html.modernwebtemplates.com/clearview/fonts/rt-icons-23dab.woff]
[html.modernwebtemplates.com/clearview/fonts/rt-icons-23dab.svg]
[html.modernwebtemplates.com/clearview/fonts/sociconf25b.eot]
[html.modernwebtemplates.com/clearview/fonts/sociconf25b.woff2]
[html.modernwebtemplates.com/clearview/fonts/sociconf25b.ttf]
[html.modernwebtemplates.com/clearview/fonts/sociconf25b.woff]
[html.modernwebtemplates.com/clearview/fonts/sociconf25b.svg]
[html.modernwebtemplates.com/clearview/fonts/fontawesome-webfont5b62.eot]
[html.modernwebtemplates.com/clearview/fonts/fontawesome-webfontd41d.eot]
[html.modernwebtemplates.com/clearview/fonts/fontawesome-webfont5b62.woff2]
[html.modernwebtemplates.com/clearview/fonts/fontawesome-webfont5b62.woff]
[html.modernwebtemplates.com/clearview/fonts/fontawesome-webfont5b62.ttf]
[html.modernwebtemplates.com/clearview/css/fonts.css]
[html.modernwebtemplates.com/clearview/fonts/fontawesome-webfont5b62.svg]
[html.modernwebtemplates.com/clearview/img/owl.video.play.png]
[html.modernwebtemplates.com/clearview/img/prettyPhoto/facebook/default_thumbnail.gif]
[html.modernwebtemplates.com/clearview/img/background_section.png]
[html.modernwebtemplates.com/clearview/img/preloader.gif]
[html.modernwebtemplates.com/clearview/img/pattern1.png]
[html.modernwebtemplates.com/clearview/img/pattern2.png]
[html.modernwebtemplates.com/clearview/img/pattern3.png]
[html.modernwebtemplates.com/clearview/img/pattern4.png]
[html.modernwebtemplates.com/clearview/img/pattern5.png]
[html.modernwebtemplates.com/clearview/img/pattern6.png]
[html.modernwebtemplates.com/clearview/img/pattern7.png]
[html.modernwebtemplates.com/clearview/img/pattern8.png]
[html.modernwebtemplates.com/clearview/img/pattern9.png]
[html.modernwebtemplates.com/clearview/img/pattern10.png]
[html.modernwebtemplates.com/clearview/img/pattern11.png]
[html.modernwebtemplates.com/clearview/img/parallax/map-dark.jpg]
[html.modernwebtemplates.com/clearview/img/parallax/progress.jpg]
[html.modernwebtemplates.com/clearview/img/parallax/404.jpg]
[html.modernwebtemplates.com/clearview/img/parallax/top.jpg]
[html.modernwebtemplates.com/clearview/img/parallax/bottom.jpg]
[html.modernwebtemplates.com/clearview/img/parallax/map.jpg]
[html.modernwebtemplates.com/clearview/css/main.css]
[html.modernwebtemplates.com/clearview/css/shop.css]
[html.modernwebtemplates.com/clearview/index-2.html]
[html.modernwebtemplates.com/clearview/index-static.html]
[html.modernwebtemplates.com/clearview/index-single.html]
[html.modernwebtemplates.com/clearview/about.html]
[html.modernwebtemplates.com/clearview/shortcodes_teasers.html]
[html.modernwebtemplates.com/clearview/shortcodes_typography.html]
[html.modernwebtemplates.com/clearview/shortcodes_buttons.html]
[html.modernwebtemplates.com/clearview/shortcodes_progress.html]
[html.modernwebtemplates.com/clearview/images/gallery/01.jpg]
[html.modernwebtemplates.com/clearview/images/gallery/02.jpg]
[html.modernwebtemplates.com/clearview/images/gallery/03.jpg]
[html.modernwebtemplates.com/clearview/images/recent_post1.jpg]
[html.modernwebtemplates.com/clearview/images/recent_post2.jpg]
[html.modernwebtemplates.com/clearview/shortcodes_tabs.html]
[html.modernwebtemplates.com/clearview/shortcodes_bootstrap.html]
[html.modernwebtemplates.com/clearview/images/banner.jpg]
[html.modernwebtemplates.com/clearview/images/gallery/04.jpg]
[html.modernwebtemplates.com/clearview/shortcodes_widgets.html]
[html.modernwebtemplates.com/clearview/shortcodes_animation.html]
[html.modernwebtemplates.com/clearview/shortcodes_icons.html]
[html.modernwebtemplates.com/clearview/shortcodes_socialicons.html]
[html.modernwebtemplates.com/clearview/team.html]
[html.modernwebtemplates.com/clearview/team-single.html]
[html.modernwebtemplates.com/clearview/images/faces/05.jpg]
[html.modernwebtemplates.com/clearview/images/faces/06.jpg]
[html.modernwebtemplates.com/clearview/images/faces/07.jpg]
[html.modernwebtemplates.com/clearview/images/faces/08.jpg]
[html.modernwebtemplates.com/clearview/images/faces/09.jpg]
[html.modernwebtemplates.com/clearview/images/faces/10.jpg]
[html.modernwebtemplates.com/clearview/testimonials.html]
[html.modernwebtemplates.com/clearview/timetable.html]
[html.modernwebtemplates.com/clearview/images/events/08.jpg]
[html.modernwebtemplates.com/clearview/images/events/06.jpg]
[html.modernwebtemplates.com/clearview/images/events/01.jpg]
[html.modernwebtemplates.com/clearview/images/events/02.jpg]
[html.modernwebtemplates.com/clearview/images/events/03.jpg]
[html.modernwebtemplates.com/clearview/images/events/04.jpg]
[html.modernwebtemplates.com/clearview/images/events/05.jpg]
[html.modernwebtemplates.com/clearview/images/events/07.jpg]
[html.modernwebtemplates.com/clearview/images/events/09.jpg]
[html.modernwebtemplates.com/clearview/events-left.html]
[html.modernwebtemplates.com/clearview/events-right.html]
[html.modernwebtemplates.com/clearview/events-full.html]
[html.modernwebtemplates.com/clearview/event-single-left.html]
[html.modernwebtemplates.com/clearview/event-single-right.html]
[html.modernwebtemplates.com/clearview/event-single-full.html]
[html.modernwebtemplates.com/clearview/comingsoon1.html]
[html.modernwebtemplates.com/clearview/comingsoon2.html]
[html.modernwebtemplates.com/clearview/faq.html]
[html.modernwebtemplates.com/clearview/faq2.html]
[html.modernwebtemplates.com/clearview/404.html]
[html.modernwebtemplates.com/clearview/4042.html]
[html.modernwebtemplates.com/clearview/images/gallery/07.jpg]
[html.modernwebtemplates.com/clearview/services.html]
[html.modernwebtemplates.com/clearview/service-single.html]
[html.modernwebtemplates.com/clearview/header1.html]
[html.modernwebtemplates.com/clearview/images/logo-light.png]
[html.modernwebtemplates.com/clearview/header2.html]
[html.modernwebtemplates.com/clearview/header3.html]
[html.modernwebtemplates.com/clearview/header4.html]
[html.modernwebtemplates.com/clearview/header5.html]
[html.modernwebtemplates.com/clearview/header6.html]
[html.modernwebtemplates.com/clearview/header_side1.html]
[html.modernwebtemplates.com/clearview/header_side2.html]
[html.modernwebtemplates.com/clearview/header_side3.html]
[html.modernwebtemplates.com/clearview/header_side4.html]
[html.modernwebtemplates.com/clearview/header_side5.html]
[html.modernwebtemplates.com/clearview/header_side6.html]
[html.modernwebtemplates.com/clearview/header_side7.html]
[html.modernwebtemplates.com/clearview/header_side8.html]
[html.modernwebtemplates.com/clearview/header_side_superfish.html]
[html.modernwebtemplates.com/clearview/header_side_sticked.html]
[html.modernwebtemplates.com/clearview/breadcrumbs1.html]
[html.modernwebtemplates.com/clearview/breadcrumbs2.html]
[html.modernwebtemplates.com/clearview/breadcrumbs3.html]
[html.modernwebtemplates.com/clearview/breadcrumbs4.html]
[html.modernwebtemplates.com/clearview/breadcrumbs5.html]
[html.modernwebtemplates.com/clearview/breadcrumbs6.html]
[html.modernwebtemplates.com/clearview/footer1.html]
[html.modernwebtemplates.com/clearview/footer2.html]
[html.modernwebtemplates.com/clearview/footer3.html]
[html.modernwebtemplates.com/clearview/footer4.html]
[html.modernwebtemplates.com/clearview/footer5.html]
[html.modernwebtemplates.com/clearview/footer6.html]
[html.modernwebtemplates.com/clearview/copyright1.html]
[html.modernwebtemplates.com/clearview/copyright2.html]
[html.modernwebtemplates.com/clearview/copyright3.html]
[html.modernwebtemplates.com/clearview/copyright4.html]
[html.modernwebtemplates.com/clearview/copyright5.html]
[html.modernwebtemplates.com/clearview/images/gallery/09.jpg]
[html.modernwebtemplates.com/clearview/images/gallery/10.jpg]
[html.modernwebtemplates.com/clearview/images/gallery/11.jpg]
[html.modernwebtemplates.com/clearview/gallery-regular.html]
[html.modernwebtemplates.com/clearview/gallery-regular-2-cols.html]
[html.modernwebtemplates.com/clearview/gallery-regular-3-cols.html]
[html.modernwebtemplates.com/clearview/gallery-fullwidth.html]
[html.modernwebtemplates.com/clearview/gallery-fullwidth-3-cols.html]
[html.modernwebtemplates.com/clearview/gallery-fullwidth-4-cols.html]
[html.modernwebtemplates.com/clearview/img/loading.png]
[html.modernwebtemplates.com/clearview/gallery-extended.html]
[html.modernwebtemplates.com/clearview/gallery-extended-2-cols.html]
[html.modernwebtemplates.com/clearview/gallery-extended-3-cols.html]
[html.modernwebtemplates.com/clearview/gallery-carousel.html]
[html.modernwebtemplates.com/clearview/gallery-carousel-2-cols.html]
[html.modernwebtemplates.com/clearview/gallery-carousel-3-cols.html]
[html.modernwebtemplates.com/clearview/images/gallery/18.jpg]
[html.modernwebtemplates.com/clearview/images/gallery/15.jpg]
[html.modernwebtemplates.com/clearview/images/gallery/17.jpg]
[html.modernwebtemplates.com/clearview/images/gallery/16.jpg]
[html.modernwebtemplates.com/clearview/gallery-tile.html]
[html.modernwebtemplates.com/clearview/gallery-left.html]
[html.modernwebtemplates.com/clearview/gallery-left-2-cols.html]
[html.modernwebtemplates.com/clearview/gallery-right.html]
[html.modernwebtemplates.com/clearview/gallery-right-2-cols.html]
[html.modernwebtemplates.com/clearview/gallery-single.html]
[html.modernwebtemplates.com/clearview/gallery-single2.html]
[html.modernwebtemplates.com/clearview/gallery-single3.html]
[html.modernwebtemplates.com/clearview/blog-right.html]
[html.modernwebtemplates.com/clearview/blog-left.html]
[html.modernwebtemplates.com/clearview/blog-full.html]
[html.modernwebtemplates.com/clearview/blog-mosaic.html]
[html.modernwebtemplates.com/clearview/images/side-image.jpg]
[html.modernwebtemplates.com/clearview/images/post_author.jpg]
[html.modernwebtemplates.com/clearview/blog-single-right.html]
[html.modernwebtemplates.com/clearview/blog-single-left.html]
[html.modernwebtemplates.com/clearview/blog-single-full.html]
[html.modernwebtemplates.com/clearview/blog-single-video-right.html]
[html.modernwebtemplates.com/clearview/blog-single-video-left.html]
[html.modernwebtemplates.com/clearview/blog-single-video-full.html]
[html.modernwebtemplates.com/clearview/contact2.html]
[html.modernwebtemplates.com/clearview/contact3.html]
[html.modernwebtemplates.com/clearview/contact4.html]
[html.modernwebtemplates.com/clearview/fonts/glyphicons-halflings-regular.svg]
[html.modernwebtemplates.com/clearview/fonts/rt-icons-23dab.svg]
[html.modernwebtemplates.com/clearview/fonts/sociconf25b.svg]
[html.modernwebtemplates.com/clearview/fonts/fontawesome-webfont5b62.svg]
[html.modernwebtemplates.com/clearview/contact.html]
